// Jest Snapshot v1, https://goo.gl/fbAQLP

exports[`OracleLibrary #getQuoteAtTick gas test 1`] = `1205`;
