// Jest Snapshot v1, https://goo.gl/fbAQLP

exports[`PairFlash test flash gas 1`] = `334753`;
