// Jest Snapshot v1, https://goo.gl/fbAQLP

exports[`Path gas cost 1`] = `451`;
