// Jest Snapshot v1, https://goo.gl/fbAQLP

exports[`PeripheryImmutableState bytecode size 1`] = `193`;
