// Jest Snapshot v1, https://goo.gl/fbAQLP

exports[`V3Migrator #migrate gas 1`] = `710213`;
